Archive member included to satisfy reference by file (symbol)

c:/ti/ccs920/ccs/tools/compiler/gcc-arm-none-eabi-7-2017-q4-major-win32/bin/../lib/gcc/arm-none-eabi/7.2.1/../../../../arm-none-eabi/lib/thumb/v7e-m/fpv4-sp/hard\libc.a(lib_a-exit.o)
                              c:/ti/ccs920/ccs/tools/compiler/gcc-arm-none-eabi-7-2017-q4-major-win32/bin/../lib/gcc/arm-none-eabi/7.2.1/../../../../arm-none-eabi/lib/thumb/v7e-m/fpv4-sp/hard/crt0.o (exit)
c:/ti/ccs920/ccs/tools/compiler/gcc-arm-none-eabi-7-2017-q4-major-win32/bin/../lib/gcc/arm-none-eabi/7.2.1/../../../../arm-none-eabi/lib/thumb/v7e-m/fpv4-sp/hard\libc.a(lib_a-impure.o)
                              c:/ti/ccs920/ccs/tools/compiler/gcc-arm-none-eabi-7-2017-q4-major-win32/bin/../lib/gcc/arm-none-eabi/7.2.1/../../../../arm-none-eabi/lib/thumb/v7e-m/fpv4-sp/hard\libc.a(lib_a-exit.o) (_global_impure_ptr)
c:/ti/ccs920/ccs/tools/compiler/gcc-arm-none-eabi-7-2017-q4-major-win32/bin/../lib/gcc/arm-none-eabi/7.2.1/../../../../arm-none-eabi/lib/thumb/v7e-m/fpv4-sp/hard\libc.a(lib_a-init.o)
                              c:/ti/ccs920/ccs/tools/compiler/gcc-arm-none-eabi-7-2017-q4-major-win32/bin/../lib/gcc/arm-none-eabi/7.2.1/../../../../arm-none-eabi/lib/thumb/v7e-m/fpv4-sp/hard/crt0.o (__libc_init_array)
c:/ti/ccs920/ccs/tools/compiler/gcc-arm-none-eabi-7-2017-q4-major-win32/bin/../lib/gcc/arm-none-eabi/7.2.1/../../../../arm-none-eabi/lib/thumb/v7e-m/fpv4-sp/hard\libc.a(lib_a-memset.o)
                              c:/ti/ccs920/ccs/tools/compiler/gcc-arm-none-eabi-7-2017-q4-major-win32/bin/../lib/gcc/arm-none-eabi/7.2.1/../../../../arm-none-eabi/lib/thumb/v7e-m/fpv4-sp/hard/crt0.o (memset)
c:/ti/ccs920/ccs/tools/compiler/gcc-arm-none-eabi-7-2017-q4-major-win32/bin/../lib/gcc/arm-none-eabi/7.2.1/../../../../arm-none-eabi/lib/thumb/v7e-m/fpv4-sp/hard\libc.a(lib_a-__call_atexit.o)
                              c:/ti/ccs920/ccs/tools/compiler/gcc-arm-none-eabi-7-2017-q4-major-win32/bin/../lib/gcc/arm-none-eabi/7.2.1/../../../../arm-none-eabi/lib/thumb/v7e-m/fpv4-sp/hard\libc.a(lib_a-exit.o) (__call_exitprocs)
c:/ti/ccs920/ccs/tools/compiler/gcc-arm-none-eabi-7-2017-q4-major-win32/bin/../lib/gcc/arm-none-eabi/7.2.1/../../../../arm-none-eabi/lib/thumb/v7e-m/fpv4-sp/hard\libc.a(lib_a-atexit.o)
                              c:/ti/ccs920/ccs/tools/compiler/gcc-arm-none-eabi-7-2017-q4-major-win32/bin/../lib/gcc/arm-none-eabi/7.2.1/../../../../arm-none-eabi/lib/thumb/v7e-m/fpv4-sp/hard\libc.a(lib_a-__call_atexit.o) (atexit)
c:/ti/ccs920/ccs/tools/compiler/gcc-arm-none-eabi-7-2017-q4-major-win32/bin/../lib/gcc/arm-none-eabi/7.2.1/../../../../arm-none-eabi/lib/thumb/v7e-m/fpv4-sp/hard\libc.a(lib_a-fini.o)
                              c:/ti/ccs920/ccs/tools/compiler/gcc-arm-none-eabi-7-2017-q4-major-win32/bin/../lib/gcc/arm-none-eabi/7.2.1/../../../../arm-none-eabi/lib/thumb/v7e-m/fpv4-sp/hard\libc.a(lib_a-__call_atexit.o) (__libc_fini_array)
c:/ti/ccs920/ccs/tools/compiler/gcc-arm-none-eabi-7-2017-q4-major-win32/bin/../lib/gcc/arm-none-eabi/7.2.1/../../../../arm-none-eabi/lib/thumb/v7e-m/fpv4-sp/hard\libc.a(lib_a-lock.o)
                              c:/ti/ccs920/ccs/tools/compiler/gcc-arm-none-eabi-7-2017-q4-major-win32/bin/../lib/gcc/arm-none-eabi/7.2.1/../../../../arm-none-eabi/lib/thumb/v7e-m/fpv4-sp/hard\libc.a(lib_a-__call_atexit.o) (__retarget_lock_acquire_recursive)
c:/ti/ccs920/ccs/tools/compiler/gcc-arm-none-eabi-7-2017-q4-major-win32/bin/../lib/gcc/arm-none-eabi/7.2.1/../../../../arm-none-eabi/lib/thumb/v7e-m/fpv4-sp/hard\libc.a(lib_a-__atexit.o)
                              c:/ti/ccs920/ccs/tools/compiler/gcc-arm-none-eabi-7-2017-q4-major-win32/bin/../lib/gcc/arm-none-eabi/7.2.1/../../../../arm-none-eabi/lib/thumb/v7e-m/fpv4-sp/hard\libc.a(lib_a-atexit.o) (__register_exitproc)
c:/ti/ccs920/ccs/tools/compiler/gcc-arm-none-eabi-7-2017-q4-major-win32/bin/../lib/gcc/arm-none-eabi/7.2.1/../../../../arm-none-eabi/lib/thumb/v7e-m/fpv4-sp/hard\libnosys.a(_exit.o)
                              c:/ti/ccs920/ccs/tools/compiler/gcc-arm-none-eabi-7-2017-q4-major-win32/bin/../lib/gcc/arm-none-eabi/7.2.1/../../../../arm-none-eabi/lib/thumb/v7e-m/fpv4-sp/hard\libc.a(lib_a-exit.o) (_exit)

Allocating common symbols
Common symbol       size              file

__lock___atexit_recursive_mutex
                    0x1               c:/ti/ccs920/ccs/tools/compiler/gcc-arm-none-eabi-7-2017-q4-major-win32/bin/../lib/gcc/arm-none-eabi/7.2.1/../../../../arm-none-eabi/lib/thumb/v7e-m/fpv4-sp/hard\libc.a(lib_a-lock.o)
__lock___arc4random_mutex
                    0x1               c:/ti/ccs920/ccs/tools/compiler/gcc-arm-none-eabi-7-2017-q4-major-win32/bin/../lib/gcc/arm-none-eabi/7.2.1/../../../../arm-none-eabi/lib/thumb/v7e-m/fpv4-sp/hard\libc.a(lib_a-lock.o)
__lock___env_recursive_mutex
                    0x1               c:/ti/ccs920/ccs/tools/compiler/gcc-arm-none-eabi-7-2017-q4-major-win32/bin/../lib/gcc/arm-none-eabi/7.2.1/../../../../arm-none-eabi/lib/thumb/v7e-m/fpv4-sp/hard\libc.a(lib_a-lock.o)
__lock___sinit_recursive_mutex
                    0x1               c:/ti/ccs920/ccs/tools/compiler/gcc-arm-none-eabi-7-2017-q4-major-win32/bin/../lib/gcc/arm-none-eabi/7.2.1/../../../../arm-none-eabi/lib/thumb/v7e-m/fpv4-sp/hard\libc.a(lib_a-lock.o)
__lock___malloc_recursive_mutex
                    0x1               c:/ti/ccs920/ccs/tools/compiler/gcc-arm-none-eabi-7-2017-q4-major-win32/bin/../lib/gcc/arm-none-eabi/7.2.1/../../../../arm-none-eabi/lib/thumb/v7e-m/fpv4-sp/hard\libc.a(lib_a-lock.o)
__lock___at_quick_exit_mutex
                    0x1               c:/ti/ccs920/ccs/tools/compiler/gcc-arm-none-eabi-7-2017-q4-major-win32/bin/../lib/gcc/arm-none-eabi/7.2.1/../../../../arm-none-eabi/lib/thumb/v7e-m/fpv4-sp/hard\libc.a(lib_a-lock.o)
__lock___dd_hash_mutex
                    0x1               c:/ti/ccs920/ccs/tools/compiler/gcc-arm-none-eabi-7-2017-q4-major-win32/bin/../lib/gcc/arm-none-eabi/7.2.1/../../../../arm-none-eabi/lib/thumb/v7e-m/fpv4-sp/hard\libc.a(lib_a-lock.o)
__lock___tz_mutex   0x1               c:/ti/ccs920/ccs/tools/compiler/gcc-arm-none-eabi-7-2017-q4-major-win32/bin/../lib/gcc/arm-none-eabi/7.2.1/../../../../arm-none-eabi/lib/thumb/v7e-m/fpv4-sp/hard\libc.a(lib_a-lock.o)
__lock___sfp_recursive_mutex
                    0x1               c:/ti/ccs920/ccs/tools/compiler/gcc-arm-none-eabi-7-2017-q4-major-win32/bin/../lib/gcc/arm-none-eabi/7.2.1/../../../../arm-none-eabi/lib/thumb/v7e-m/fpv4-sp/hard\libc.a(lib_a-lock.o)

Memory Configuration

Name             Origin             Length             Attributes
FLASH            0x00000000         0x00040000         xr
SRAM             0x20000000         0x00008000         xw
*default*        0x00000000         0xffffffff

Linker script and memory map

LOAD c:/ti/ccs920/ccs/tools/compiler/gcc-arm-none-eabi-7-2017-q4-major-win32/bin/../lib/gcc/arm-none-eabi/7.2.1/thumb/v7e-m/fpv4-sp/hard/crti.o
LOAD c:/ti/ccs920/ccs/tools/compiler/gcc-arm-none-eabi-7-2017-q4-major-win32/bin/../lib/gcc/arm-none-eabi/7.2.1/thumb/v7e-m/fpv4-sp/hard/crtbegin.o
LOAD c:/ti/ccs920/ccs/tools/compiler/gcc-arm-none-eabi-7-2017-q4-major-win32/bin/../lib/gcc/arm-none-eabi/7.2.1/../../../../arm-none-eabi/lib/thumb/v7e-m/fpv4-sp/hard/crt0.o
LOAD ./main.o
LOAD ./tm4c123gh6pm_startup_ccs_gcc.o
LOAD ./System/02-MCAL/01-SYSCTRL/SYSCTRL_program.o
LOAD ./System/02-MCAL/02-GPIO/GPIO_program.o
                0x00000000                PROVIDE (_intvecs_base_address, 0x0)

.intvecs        0x00000000      0x26c
 *(.intvecs)
 .intvecs       0x00000000      0x26c ./tm4c123gh6pm_startup_ccs_gcc.o
                0x00000000                g_pfnVectors
                0x20000000                PROVIDE (_vtable_base_address, 0x20000000)

.vtable
 *(.vtable)

.text           0x0000026c      0xefc
 CREATE_OBJECT_SYMBOLS
 *(.text)
 .text          0x0000026c        0x0 c:/ti/ccs920/ccs/tools/compiler/gcc-arm-none-eabi-7-2017-q4-major-win32/bin/../lib/gcc/arm-none-eabi/7.2.1/thumb/v7e-m/fpv4-sp/hard/crti.o
 .text          0x0000026c       0x40 c:/ti/ccs920/ccs/tools/compiler/gcc-arm-none-eabi-7-2017-q4-major-win32/bin/../lib/gcc/arm-none-eabi/7.2.1/thumb/v7e-m/fpv4-sp/hard/crtbegin.o
 .text          0x000002ac       0x74 c:/ti/ccs920/ccs/tools/compiler/gcc-arm-none-eabi-7-2017-q4-major-win32/bin/../lib/gcc/arm-none-eabi/7.2.1/../../../../arm-none-eabi/lib/thumb/v7e-m/fpv4-sp/hard/crt0.o
                0x000002ac                _start
                0x000002ac                _mainCRTStartup
 .text          0x00000320        0x0 ./main.o
 .text          0x00000320        0x0 ./tm4c123gh6pm_startup_ccs_gcc.o
 .text          0x00000320        0x0 ./System/02-MCAL/01-SYSCTRL/SYSCTRL_program.o
 .text          0x00000320        0x0 ./System/02-MCAL/02-GPIO/GPIO_program.o
 .text          0x00000320        0x0 c:/ti/ccs920/ccs/tools/compiler/gcc-arm-none-eabi-7-2017-q4-major-win32/bin/../lib/gcc/arm-none-eabi/7.2.1/../../../../arm-none-eabi/lib/thumb/v7e-m/fpv4-sp/hard\libc.a(lib_a-exit.o)
 .text          0x00000320        0x0 c:/ti/ccs920/ccs/tools/compiler/gcc-arm-none-eabi-7-2017-q4-major-win32/bin/../lib/gcc/arm-none-eabi/7.2.1/../../../../arm-none-eabi/lib/thumb/v7e-m/fpv4-sp/hard\libc.a(lib_a-impure.o)
 .text          0x00000320        0x0 c:/ti/ccs920/ccs/tools/compiler/gcc-arm-none-eabi-7-2017-q4-major-win32/bin/../lib/gcc/arm-none-eabi/7.2.1/../../../../arm-none-eabi/lib/thumb/v7e-m/fpv4-sp/hard\libc.a(lib_a-init.o)
 .text          0x00000320        0x0 c:/ti/ccs920/ccs/tools/compiler/gcc-arm-none-eabi-7-2017-q4-major-win32/bin/../lib/gcc/arm-none-eabi/7.2.1/../../../../arm-none-eabi/lib/thumb/v7e-m/fpv4-sp/hard\libc.a(lib_a-memset.o)
 .text          0x00000320        0x0 c:/ti/ccs920/ccs/tools/compiler/gcc-arm-none-eabi-7-2017-q4-major-win32/bin/../lib/gcc/arm-none-eabi/7.2.1/../../../../arm-none-eabi/lib/thumb/v7e-m/fpv4-sp/hard\libc.a(lib_a-__call_atexit.o)
 .text          0x00000320        0x0 c:/ti/ccs920/ccs/tools/compiler/gcc-arm-none-eabi-7-2017-q4-major-win32/bin/../lib/gcc/arm-none-eabi/7.2.1/../../../../arm-none-eabi/lib/thumb/v7e-m/fpv4-sp/hard\libc.a(lib_a-atexit.o)
 .text          0x00000320        0x0 c:/ti/ccs920/ccs/tools/compiler/gcc-arm-none-eabi-7-2017-q4-major-win32/bin/../lib/gcc/arm-none-eabi/7.2.1/../../../../arm-none-eabi/lib/thumb/v7e-m/fpv4-sp/hard\libc.a(lib_a-fini.o)
 .text          0x00000320        0x0 c:/ti/ccs920/ccs/tools/compiler/gcc-arm-none-eabi-7-2017-q4-major-win32/bin/../lib/gcc/arm-none-eabi/7.2.1/../../../../arm-none-eabi/lib/thumb/v7e-m/fpv4-sp/hard\libc.a(lib_a-lock.o)
 .text          0x00000320        0x0 c:/ti/ccs920/ccs/tools/compiler/gcc-arm-none-eabi-7-2017-q4-major-win32/bin/../lib/gcc/arm-none-eabi/7.2.1/../../../../arm-none-eabi/lib/thumb/v7e-m/fpv4-sp/hard\libc.a(lib_a-__atexit.o)
 .text          0x00000320        0x0 c:/ti/ccs920/ccs/tools/compiler/gcc-arm-none-eabi-7-2017-q4-major-win32/bin/../lib/gcc/arm-none-eabi/7.2.1/../../../../arm-none-eabi/lib/thumb/v7e-m/fpv4-sp/hard\libnosys.a(_exit.o)
 .text          0x00000320        0x0 c:/ti/ccs920/ccs/tools/compiler/gcc-arm-none-eabi-7-2017-q4-major-win32/bin/../lib/gcc/arm-none-eabi/7.2.1/thumb/v7e-m/fpv4-sp/hard/crtend.o
 .text          0x00000320        0x0 c:/ti/ccs920/ccs/tools/compiler/gcc-arm-none-eabi-7-2017-q4-major-win32/bin/../lib/gcc/arm-none-eabi/7.2.1/thumb/v7e-m/fpv4-sp/hard/crtn.o
 *(.text.*)
 .text.main     0x00000320      0x100 ./main.o
                0x00000320                main
 .text.delay    0x00000420       0x2c ./main.o
                0x00000420                delay
 .text.ResetISR
                0x0000044c       0x6c ./tm4c123gh6pm_startup_ccs_gcc.o
                0x0000044c                ResetISR
 .text.NmiSR    0x000004b8        0x6 ./tm4c123gh6pm_startup_ccs_gcc.o
 .text.FaultISR
                0x000004be        0x6 ./tm4c123gh6pm_startup_ccs_gcc.o
 .text.IntDefaultHandler
                0x000004c4        0x6 ./tm4c123gh6pm_startup_ccs_gcc.o
 .text.SYSCTRL_voidInitSysClock
                0x000004ca        0xe ./System/02-MCAL/01-SYSCTRL/SYSCTRL_program.o
                0x000004ca                SYSCTRL_voidInitSysClock
 .text.SYSCTRL_voidEnableClock
                0x000004d8       0x40 ./System/02-MCAL/01-SYSCTRL/SYSCTRL_program.o
                0x000004d8                SYSCTRL_voidEnableClock
 .text.SYSCTRL_voidDisableClock
                0x00000518       0x40 ./System/02-MCAL/01-SYSCTRL/SYSCTRL_program.o
                0x00000518                SYSCTRL_voidDisableClock
 .text.GPIO_voidUnlockCommit
                0x00000558       0x24 ./System/02-MCAL/02-GPIO/GPIO_program.o
 .text.GPIO_voidEnablePortCommit
                0x0000057c       0x24 ./System/02-MCAL/02-GPIO/GPIO_program.o
 .text.GPIO_voidEnablePinCommit
                0x000005a0       0x34 ./System/02-MCAL/02-GPIO/GPIO_program.o
 .text.GPIO_voidSelectPortAnalogInput
                0x000005d4       0x24 ./System/02-MCAL/02-GPIO/GPIO_program.o
 .text.GPIO_voidSelectPinAnalogInput
                0x000005f8       0x84 ./System/02-MCAL/02-GPIO/GPIO_program.o
 .text.GPIO_voidInitPort
                0x0000067c       0x24 ./System/02-MCAL/02-GPIO/GPIO_program.o
                0x0000067c                GPIO_voidInitPort
 .text.GPIO_voidSelPortCurrent
                0x000006a0       0x5e ./System/02-MCAL/02-GPIO/GPIO_program.o
                0x000006a0                GPIO_voidSelPortCurrent
 .text.GPIO_voidSelPortState
                0x000006fe       0x74 ./System/02-MCAL/02-GPIO/GPIO_program.o
                0x000006fe                GPIO_voidSelPortState
 .text.GPIO_voidEnablePort
                0x00000772       0x20 ./System/02-MCAL/02-GPIO/GPIO_program.o
                0x00000772                GPIO_voidEnablePort
 .text.GPIO_voidWritePort
                0x00000792       0x24 ./System/02-MCAL/02-GPIO/GPIO_program.o
                0x00000792                GPIO_voidWritePort
 .text.GPIO_u8ReadPort
                0x000007b6       0x1e ./System/02-MCAL/02-GPIO/GPIO_program.o
                0x000007b6                GPIO_u8ReadPort
 .text.GPIO_voidEnabelPortAlternateFunc
                0x000007d4       0x24 ./System/02-MCAL/02-GPIO/GPIO_program.o
                0x000007d4                GPIO_voidEnabelPortAlternateFunc
 .text.GPIO_voidEnablePortSlewRateControl
                0x000007f8       0x24 ./System/02-MCAL/02-GPIO/GPIO_program.o
                0x000007f8                GPIO_voidEnablePortSlewRateControl
 .text.GPIO_voidConfigPortAdcSource
                0x0000081c       0x2a ./System/02-MCAL/02-GPIO/GPIO_program.o
                0x0000081c                GPIO_voidConfigPortAdcSource
 .text.GPIO_voidConfigPortDMA
                0x00000846       0x24 ./System/02-MCAL/02-GPIO/GPIO_program.o
                0x00000846                GPIO_voidConfigPortDMA
 .text.GPIO_voidInitPin
                0x0000086a       0x86 ./System/02-MCAL/02-GPIO/GPIO_program.o
                0x0000086a                GPIO_voidInitPin
 .text.GPIO_voidSelPinCurrent
                0x000008f0       0xa2 ./System/02-MCAL/02-GPIO/GPIO_program.o
                0x000008f0                GPIO_voidSelPinCurrent
 *fill*         0x00000992        0x2 
 .text.GPIO_voidSelPinState
                0x00000994      0x104 ./System/02-MCAL/02-GPIO/GPIO_program.o
                0x00000994                GPIO_voidSelPinState
 .text.GPIO_voidEnablePin
                0x00000a98       0x34 ./System/02-MCAL/02-GPIO/GPIO_program.o
                0x00000a98                GPIO_voidEnablePin
 .text.GPIO_voidWritePin
                0x00000acc       0x86 ./System/02-MCAL/02-GPIO/GPIO_program.o
                0x00000acc                GPIO_voidWritePin
 .text.GPIO_u8ReadPin
                0x00000b52       0x2e ./System/02-MCAL/02-GPIO/GPIO_program.o
                0x00000b52                GPIO_u8ReadPin
 .text.GPIO_voidAlternatePinFunc
                0x00000b80       0x84 ./System/02-MCAL/02-GPIO/GPIO_program.o
                0x00000b80                GPIO_voidAlternatePinFunc
 .text.GPIO_voidControlPinSlewRate
                0x00000c04       0x84 ./System/02-MCAL/02-GPIO/GPIO_program.o
                0x00000c04                GPIO_voidControlPinSlewRate
 .text.GPIO_voidConfigPinAlternateFunc
                0x00000c88       0x88 ./System/02-MCAL/02-GPIO/GPIO_program.o
                0x00000c88                GPIO_voidConfigPinAlternateFunc
 .text.GPIO_voidConfigPinAdcSource
                0x00000d10       0x8c ./System/02-MCAL/02-GPIO/GPIO_program.o
                0x00000d10                GPIO_voidConfigPinAdcSource
 .text.GPIO_voidConfigPinDMA
                0x00000d9c       0x84 ./System/02-MCAL/02-GPIO/GPIO_program.o
                0x00000d9c                GPIO_voidConfigPinDMA
 .text.exit     0x00000e20       0x20 c:/ti/ccs920/ccs/tools/compiler/gcc-arm-none-eabi-7-2017-q4-major-win32/bin/../lib/gcc/arm-none-eabi/7.2.1/../../../../arm-none-eabi/lib/thumb/v7e-m/fpv4-sp/hard\libc.a(lib_a-exit.o)
                0x00000e20                exit
 .text.__libc_init_array
                0x00000e40       0x48 c:/ti/ccs920/ccs/tools/compiler/gcc-arm-none-eabi-7-2017-q4-major-win32/bin/../lib/gcc/arm-none-eabi/7.2.1/../../../../arm-none-eabi/lib/thumb/v7e-m/fpv4-sp/hard\libc.a(lib_a-init.o)
                0x00000e40                __libc_init_array
 .text.memset   0x00000e88       0x94 c:/ti/ccs920/ccs/tools/compiler/gcc-arm-none-eabi-7-2017-q4-major-win32/bin/../lib/gcc/arm-none-eabi/7.2.1/../../../../arm-none-eabi/lib/thumb/v7e-m/fpv4-sp/hard\libc.a(lib_a-memset.o)
                0x00000e88                memset
 .text.startup.register_fini
                0x00000f1c       0x14 c:/ti/ccs920/ccs/tools/compiler/gcc-arm-none-eabi-7-2017-q4-major-win32/bin/../lib/gcc/arm-none-eabi/7.2.1/../../../../arm-none-eabi/lib/thumb/v7e-m/fpv4-sp/hard\libc.a(lib_a-__call_atexit.o)
 .text.__call_exitprocs
                0x00000f30       0xe8 c:/ti/ccs920/ccs/tools/compiler/gcc-arm-none-eabi-7-2017-q4-major-win32/bin/../lib/gcc/arm-none-eabi/7.2.1/../../../../arm-none-eabi/lib/thumb/v7e-m/fpv4-sp/hard\libc.a(lib_a-__call_atexit.o)
                0x00000f30                __call_exitprocs
 .text.atexit   0x00001018        0xc c:/ti/ccs920/ccs/tools/compiler/gcc-arm-none-eabi-7-2017-q4-major-win32/bin/../lib/gcc/arm-none-eabi/7.2.1/../../../../arm-none-eabi/lib/thumb/v7e-m/fpv4-sp/hard\libc.a(lib_a-atexit.o)
                0x00001018                atexit
 .text.__libc_fini_array
                0x00001024       0x34 c:/ti/ccs920/ccs/tools/compiler/gcc-arm-none-eabi-7-2017-q4-major-win32/bin/../lib/gcc/arm-none-eabi/7.2.1/../../../../arm-none-eabi/lib/thumb/v7e-m/fpv4-sp/hard\libc.a(lib_a-fini.o)
                0x00001024                __libc_fini_array
 .text.__retarget_lock_init
                0x00001058        0x4 c:/ti/ccs920/ccs/tools/compiler/gcc-arm-none-eabi-7-2017-q4-major-win32/bin/../lib/gcc/arm-none-eabi/7.2.1/../../../../arm-none-eabi/lib/thumb/v7e-m/fpv4-sp/hard\libc.a(lib_a-lock.o)
                0x00001058                __retarget_lock_init
 .text.__retarget_lock_init_recursive
                0x0000105c        0x4 c:/ti/ccs920/ccs/tools/compiler/gcc-arm-none-eabi-7-2017-q4-major-win32/bin/../lib/gcc/arm-none-eabi/7.2.1/../../../../arm-none-eabi/lib/thumb/v7e-m/fpv4-sp/hard\libc.a(lib_a-lock.o)
                0x0000105c                __retarget_lock_init_recursive
 .text.__retarget_lock_close
                0x00001060        0x4 c:/ti/ccs920/ccs/tools/compiler/gcc-arm-none-eabi-7-2017-q4-major-win32/bin/../lib/gcc/arm-none-eabi/7.2.1/../../../../arm-none-eabi/lib/thumb/v7e-m/fpv4-sp/hard\libc.a(lib_a-lock.o)
                0x00001060                __retarget_lock_close
 .text.__retarget_lock_close_recursive
                0x00001064        0x4 c:/ti/ccs920/ccs/tools/compiler/gcc-arm-none-eabi-7-2017-q4-major-win32/bin/../lib/gcc/arm-none-eabi/7.2.1/../../../../arm-none-eabi/lib/thumb/v7e-m/fpv4-sp/hard\libc.a(lib_a-lock.o)
                0x00001064                __retarget_lock_close_recursive
 .text.__retarget_lock_acquire
                0x00001068        0x4 c:/ti/ccs920/ccs/tools/compiler/gcc-arm-none-eabi-7-2017-q4-major-win32/bin/../lib/gcc/arm-none-eabi/7.2.1/../../../../arm-none-eabi/lib/thumb/v7e-m/fpv4-sp/hard\libc.a(lib_a-lock.o)
                0x00001068                __retarget_lock_acquire
 .text.__retarget_lock_acquire_recursive
                0x0000106c        0x4 c:/ti/ccs920/ccs/tools/compiler/gcc-arm-none-eabi-7-2017-q4-major-win32/bin/../lib/gcc/arm-none-eabi/7.2.1/../../../../arm-none-eabi/lib/thumb/v7e-m/fpv4-sp/hard\libc.a(lib_a-lock.o)
                0x0000106c                __retarget_lock_acquire_recursive
 .text.__retarget_lock_try_acquire
                0x00001070        0x4 c:/ti/ccs920/ccs/tools/compiler/gcc-arm-none-eabi-7-2017-q4-major-win32/bin/../lib/gcc/arm-none-eabi/7.2.1/../../../../arm-none-eabi/lib/thumb/v7e-m/fpv4-sp/hard\libc.a(lib_a-lock.o)
                0x00001070                __retarget_lock_try_acquire
 .text.__retarget_lock_try_acquire_recursive
                0x00001074        0x4 c:/ti/ccs920/ccs/tools/compiler/gcc-arm-none-eabi-7-2017-q4-major-win32/bin/../lib/gcc/arm-none-eabi/7.2.1/../../../../arm-none-eabi/lib/thumb/v7e-m/fpv4-sp/hard\libc.a(lib_a-lock.o)
                0x00001074                __retarget_lock_try_acquire_recursive
 .text.__retarget_lock_release
                0x00001078        0x4 c:/ti/ccs920/ccs/tools/compiler/gcc-arm-none-eabi-7-2017-q4-major-win32/bin/../lib/gcc/arm-none-eabi/7.2.1/../../../../arm-none-eabi/lib/thumb/v7e-m/fpv4-sp/hard\libc.a(lib_a-lock.o)
                0x00001078                __retarget_lock_release
 .text.__retarget_lock_release_recursive
                0x0000107c        0x4 c:/ti/ccs920/ccs/tools/compiler/gcc-arm-none-eabi-7-2017-q4-major-win32/bin/../lib/gcc/arm-none-eabi/7.2.1/../../../../arm-none-eabi/lib/thumb/v7e-m/fpv4-sp/hard\libc.a(lib_a-lock.o)
                0x0000107c                __retarget_lock_release_recursive
 .text.__register_exitproc
                0x00001080       0xc0 c:/ti/ccs920/ccs/tools/compiler/gcc-arm-none-eabi-7-2017-q4-major-win32/bin/../lib/gcc/arm-none-eabi/7.2.1/../../../../arm-none-eabi/lib/thumb/v7e-m/fpv4-sp/hard\libc.a(lib_a-__atexit.o)
                0x00001080                __register_exitproc
 .text._exit    0x00001140        0x4 c:/ti/ccs920/ccs/tools/compiler/gcc-arm-none-eabi-7-2017-q4-major-win32/bin/../lib/gcc/arm-none-eabi/7.2.1/../../../../arm-none-eabi/lib/thumb/v7e-m/fpv4-sp/hard\libnosys.a(_exit.o)
                0x00001140                _exit
                0x00001144                . = ALIGN (0x4)
 *(.ctors)
                0x00001144                . = ALIGN (0x4)
 *(.dtors)
                0x00001144                . = ALIGN (0x4)
                0x00001144                __init_array_start = .
 *(.init_array*)
 .init_array    0x00001144        0x4 c:/ti/ccs920/ccs/tools/compiler/gcc-arm-none-eabi-7-2017-q4-major-win32/bin/../lib/gcc/arm-none-eabi/7.2.1/thumb/v7e-m/fpv4-sp/hard/crtbegin.o
 .init_array.00000
                0x00001148        0x4 c:/ti/ccs920/ccs/tools/compiler/gcc-arm-none-eabi-7-2017-q4-major-win32/bin/../lib/gcc/arm-none-eabi/7.2.1/../../../../arm-none-eabi/lib/thumb/v7e-m/fpv4-sp/hard\libc.a(lib_a-__call_atexit.o)
                0x0000114c                __init_array_end = .
 *(.init)
 .init          0x0000114c        0x4 c:/ti/ccs920/ccs/tools/compiler/gcc-arm-none-eabi-7-2017-q4-major-win32/bin/../lib/gcc/arm-none-eabi/7.2.1/thumb/v7e-m/fpv4-sp/hard/crti.o
                0x0000114c                _init
 .init          0x00001150        0x8 c:/ti/ccs920/ccs/tools/compiler/gcc-arm-none-eabi-7-2017-q4-major-win32/bin/../lib/gcc/arm-none-eabi/7.2.1/thumb/v7e-m/fpv4-sp/hard/crtn.o
 *(.fini*)
 .fini          0x00001158        0x4 c:/ti/ccs920/ccs/tools/compiler/gcc-arm-none-eabi-7-2017-q4-major-win32/bin/../lib/gcc/arm-none-eabi/7.2.1/thumb/v7e-m/fpv4-sp/hard/crti.o
                0x00001158                _fini
 .fini_array    0x0000115c        0x4 c:/ti/ccs920/ccs/tools/compiler/gcc-arm-none-eabi-7-2017-q4-major-win32/bin/../lib/gcc/arm-none-eabi/7.2.1/thumb/v7e-m/fpv4-sp/hard/crtbegin.o
 .fini          0x00001160        0x8 c:/ti/ccs920/ccs/tools/compiler/gcc-arm-none-eabi-7-2017-q4-major-win32/bin/../lib/gcc/arm-none-eabi/7.2.1/thumb/v7e-m/fpv4-sp/hard/crtn.o
                [!provide]                PROVIDE (__etext, .)
                [!provide]                PROVIDE (_etext, .)
                [!provide]                PROVIDE (etext, .)

.glue_7         0x00001168        0x0
 .glue_7        0x00001168        0x0 linker stubs

.glue_7t        0x00001168        0x0
 .glue_7t       0x00001168        0x0 linker stubs

.vfp11_veneer   0x00001168        0x0
 .vfp11_veneer  0x00001168        0x0 linker stubs

.v4_bx          0x00001168        0x0
 .v4_bx         0x00001168        0x0 linker stubs

.iplt           0x00001168        0x0
 .iplt          0x00001168        0x0 c:/ti/ccs920/ccs/tools/compiler/gcc-arm-none-eabi-7-2017-q4-major-win32/bin/../lib/gcc/arm-none-eabi/7.2.1/thumb/v7e-m/fpv4-sp/hard/crtbegin.o

.rodata         0x00001168       0x34
 *(.rodata)
 *(.rodata*)
 .rodata.g_pu32GPIOBaseAddrs
                0x00001168       0x30 ./System/02-MCAL/02-GPIO/GPIO_program.o
 .rodata._global_impure_ptr
                0x00001198        0x4 c:/ti/ccs920/ccs/tools/compiler/gcc-arm-none-eabi-7-2017-q4-major-win32/bin/../lib/gcc/arm-none-eabi/7.2.1/../../../../arm-none-eabi/lib/thumb/v7e-m/fpv4-sp/hard\libc.a(lib_a-impure.o)
                0x00001198                _global_impure_ptr

.eh_frame       0x0000119c        0x4
 .eh_frame      0x0000119c        0x0 c:/ti/ccs920/ccs/tools/compiler/gcc-arm-none-eabi-7-2017-q4-major-win32/bin/../lib/gcc/arm-none-eabi/7.2.1/thumb/v7e-m/fpv4-sp/hard/crtbegin.o
 .eh_frame      0x0000119c        0x4 c:/ti/ccs920/ccs/tools/compiler/gcc-arm-none-eabi-7-2017-q4-major-win32/bin/../lib/gcc/arm-none-eabi/7.2.1/thumb/v7e-m/fpv4-sp/hard/crtend.o

.data           0x20000000      0x434 load address 0x000011a0
                0x000011a0                __data_load__ = LOADADDR (.data)
                0x20000000                __data_start__ = .
 *(.data)
 .data          0x20000000        0x0 c:/ti/ccs920/ccs/tools/compiler/gcc-arm-none-eabi-7-2017-q4-major-win32/bin/../lib/gcc/arm-none-eabi/7.2.1/thumb/v7e-m/fpv4-sp/hard/crti.o
 .data          0x20000000        0x4 c:/ti/ccs920/ccs/tools/compiler/gcc-arm-none-eabi-7-2017-q4-major-win32/bin/../lib/gcc/arm-none-eabi/7.2.1/thumb/v7e-m/fpv4-sp/hard/crtbegin.o
                0x20000000                __dso_handle
 .data          0x20000004        0x0 c:/ti/ccs920/ccs/tools/compiler/gcc-arm-none-eabi-7-2017-q4-major-win32/bin/../lib/gcc/arm-none-eabi/7.2.1/../../../../arm-none-eabi/lib/thumb/v7e-m/fpv4-sp/hard/crt0.o
 .data          0x20000004        0x0 ./main.o
 .data          0x20000004        0x0 ./tm4c123gh6pm_startup_ccs_gcc.o
 .data          0x20000004        0x0 ./System/02-MCAL/01-SYSCTRL/SYSCTRL_program.o
 .data          0x20000004        0x0 ./System/02-MCAL/02-GPIO/GPIO_program.o
 .data          0x20000004        0x0 c:/ti/ccs920/ccs/tools/compiler/gcc-arm-none-eabi-7-2017-q4-major-win32/bin/../lib/gcc/arm-none-eabi/7.2.1/../../../../arm-none-eabi/lib/thumb/v7e-m/fpv4-sp/hard\libc.a(lib_a-exit.o)
 .data          0x20000004        0x0 c:/ti/ccs920/ccs/tools/compiler/gcc-arm-none-eabi-7-2017-q4-major-win32/bin/../lib/gcc/arm-none-eabi/7.2.1/../../../../arm-none-eabi/lib/thumb/v7e-m/fpv4-sp/hard\libc.a(lib_a-impure.o)
 .data          0x20000004        0x0 c:/ti/ccs920/ccs/tools/compiler/gcc-arm-none-eabi-7-2017-q4-major-win32/bin/../lib/gcc/arm-none-eabi/7.2.1/../../../../arm-none-eabi/lib/thumb/v7e-m/fpv4-sp/hard\libc.a(lib_a-init.o)
 .data          0x20000004        0x0 c:/ti/ccs920/ccs/tools/compiler/gcc-arm-none-eabi-7-2017-q4-major-win32/bin/../lib/gcc/arm-none-eabi/7.2.1/../../../../arm-none-eabi/lib/thumb/v7e-m/fpv4-sp/hard\libc.a(lib_a-memset.o)
 .data          0x20000004        0x0 c:/ti/ccs920/ccs/tools/compiler/gcc-arm-none-eabi-7-2017-q4-major-win32/bin/../lib/gcc/arm-none-eabi/7.2.1/../../../../arm-none-eabi/lib/thumb/v7e-m/fpv4-sp/hard\libc.a(lib_a-__call_atexit.o)
 .data          0x20000004        0x0 c:/ti/ccs920/ccs/tools/compiler/gcc-arm-none-eabi-7-2017-q4-major-win32/bin/../lib/gcc/arm-none-eabi/7.2.1/../../../../arm-none-eabi/lib/thumb/v7e-m/fpv4-sp/hard\libc.a(lib_a-atexit.o)
 .data          0x20000004        0x0 c:/ti/ccs920/ccs/tools/compiler/gcc-arm-none-eabi-7-2017-q4-major-win32/bin/../lib/gcc/arm-none-eabi/7.2.1/../../../../arm-none-eabi/lib/thumb/v7e-m/fpv4-sp/hard\libc.a(lib_a-fini.o)
 .data          0x20000004        0x0 c:/ti/ccs920/ccs/tools/compiler/gcc-arm-none-eabi-7-2017-q4-major-win32/bin/../lib/gcc/arm-none-eabi/7.2.1/../../../../arm-none-eabi/lib/thumb/v7e-m/fpv4-sp/hard\libc.a(lib_a-lock.o)
 .data          0x20000004        0x0 c:/ti/ccs920/ccs/tools/compiler/gcc-arm-none-eabi-7-2017-q4-major-win32/bin/../lib/gcc/arm-none-eabi/7.2.1/../../../../arm-none-eabi/lib/thumb/v7e-m/fpv4-sp/hard\libc.a(lib_a-__atexit.o)
 .data          0x20000004        0x0 c:/ti/ccs920/ccs/tools/compiler/gcc-arm-none-eabi-7-2017-q4-major-win32/bin/../lib/gcc/arm-none-eabi/7.2.1/../../../../arm-none-eabi/lib/thumb/v7e-m/fpv4-sp/hard\libnosys.a(_exit.o)
 .data          0x20000004        0x0 c:/ti/ccs920/ccs/tools/compiler/gcc-arm-none-eabi-7-2017-q4-major-win32/bin/../lib/gcc/arm-none-eabi/7.2.1/thumb/v7e-m/fpv4-sp/hard/crtend.o
 .data          0x20000004        0x0 c:/ti/ccs920/ccs/tools/compiler/gcc-arm-none-eabi-7-2017-q4-major-win32/bin/../lib/gcc/arm-none-eabi/7.2.1/thumb/v7e-m/fpv4-sp/hard/crtn.o
 *(.data*)
 .data._impure_ptr
                0x20000004        0x4 c:/ti/ccs920/ccs/tools/compiler/gcc-arm-none-eabi-7-2017-q4-major-win32/bin/../lib/gcc/arm-none-eabi/7.2.1/../../../../arm-none-eabi/lib/thumb/v7e-m/fpv4-sp/hard\libc.a(lib_a-impure.o)
                0x20000004                _impure_ptr
 .data.impure_data
                0x20000008      0x428 c:/ti/ccs920/ccs/tools/compiler/gcc-arm-none-eabi-7-2017-q4-major-win32/bin/../lib/gcc/arm-none-eabi/7.2.1/../../../../arm-none-eabi/lib/thumb/v7e-m/fpv4-sp/hard\libc.a(lib_a-impure.o)
 .data.__atexit_recursive_mutex
                0x20000430        0x4 c:/ti/ccs920/ccs/tools/compiler/gcc-arm-none-eabi-7-2017-q4-major-win32/bin/../lib/gcc/arm-none-eabi/7.2.1/../../../../arm-none-eabi/lib/thumb/v7e-m/fpv4-sp/hard\libc.a(lib_a-__call_atexit.o)
                0x20000430                __atexit_recursive_mutex
                0x20000434                . = ALIGN (0x4)
                0x20000434                __data_end__ = .

.igot.plt       0x20000434        0x0 load address 0x000015d4
 .igot.plt      0x20000434        0x0 c:/ti/ccs920/ccs/tools/compiler/gcc-arm-none-eabi-7-2017-q4-major-win32/bin/../lib/gcc/arm-none-eabi/7.2.1/thumb/v7e-m/fpv4-sp/hard/crtbegin.o

.ARM.exidx      0x000015d4        0x8
                0x000015d4                __exidx_start = .
 *(.ARM.exidx* .gnu.linkonce.armexidx.*)
 .ARM.exidx     0x000015d4        0x8 c:/ti/ccs920/ccs/tools/compiler/gcc-arm-none-eabi-7-2017-q4-major-win32/bin/../lib/gcc/arm-none-eabi/7.2.1/../../../../arm-none-eabi/lib/thumb/v7e-m/fpv4-sp/hard/crt0.o
                0x000015dc                __exidx_end = .

.ARM.extab      0x000015dc        0x0
 *(.ARM.extab* .gnu.linkonce.armextab.*)
 .ARM.extab     0x000015dc        0x0 c:/ti/ccs920/ccs/tools/compiler/gcc-arm-none-eabi-7-2017-q4-major-win32/bin/../lib/gcc/arm-none-eabi/7.2.1/../../../../arm-none-eabi/lib/thumb/v7e-m/fpv4-sp/hard/crt0.o

.rel.dyn        0x000015dc        0x0
 .rel.iplt      0x000015dc        0x0 c:/ti/ccs920/ccs/tools/compiler/gcc-arm-none-eabi-7-2017-q4-major-win32/bin/../lib/gcc/arm-none-eabi/7.2.1/thumb/v7e-m/fpv4-sp/hard/crtbegin.o

.bss            0x20000434      0x240
                0x20000434                __bss_start__ = .
 *(.shbss)
 *(.bss)
 .bss           0x20000434        0x0 c:/ti/ccs920/ccs/tools/compiler/gcc-arm-none-eabi-7-2017-q4-major-win32/bin/../lib/gcc/arm-none-eabi/7.2.1/thumb/v7e-m/fpv4-sp/hard/crti.o
 .bss           0x20000434       0x1c c:/ti/ccs920/ccs/tools/compiler/gcc-arm-none-eabi-7-2017-q4-major-win32/bin/../lib/gcc/arm-none-eabi/7.2.1/thumb/v7e-m/fpv4-sp/hard/crtbegin.o
 .bss           0x20000450        0x0 c:/ti/ccs920/ccs/tools/compiler/gcc-arm-none-eabi-7-2017-q4-major-win32/bin/../lib/gcc/arm-none-eabi/7.2.1/../../../../arm-none-eabi/lib/thumb/v7e-m/fpv4-sp/hard/crt0.o
 .bss           0x20000450        0x0 ./main.o
 .bss           0x20000450        0x0 ./tm4c123gh6pm_startup_ccs_gcc.o
 .bss           0x20000450        0x0 ./System/02-MCAL/01-SYSCTRL/SYSCTRL_program.o
 .bss           0x20000450        0x0 ./System/02-MCAL/02-GPIO/GPIO_program.o
 .bss           0x20000450        0x0 c:/ti/ccs920/ccs/tools/compiler/gcc-arm-none-eabi-7-2017-q4-major-win32/bin/../lib/gcc/arm-none-eabi/7.2.1/../../../../arm-none-eabi/lib/thumb/v7e-m/fpv4-sp/hard\libc.a(lib_a-exit.o)
 .bss           0x20000450        0x0 c:/ti/ccs920/ccs/tools/compiler/gcc-arm-none-eabi-7-2017-q4-major-win32/bin/../lib/gcc/arm-none-eabi/7.2.1/../../../../arm-none-eabi/lib/thumb/v7e-m/fpv4-sp/hard\libc.a(lib_a-impure.o)
 .bss           0x20000450        0x0 c:/ti/ccs920/ccs/tools/compiler/gcc-arm-none-eabi-7-2017-q4-major-win32/bin/../lib/gcc/arm-none-eabi/7.2.1/../../../../arm-none-eabi/lib/thumb/v7e-m/fpv4-sp/hard\libc.a(lib_a-init.o)
 .bss           0x20000450        0x0 c:/ti/ccs920/ccs/tools/compiler/gcc-arm-none-eabi-7-2017-q4-major-win32/bin/../lib/gcc/arm-none-eabi/7.2.1/../../../../arm-none-eabi/lib/thumb/v7e-m/fpv4-sp/hard\libc.a(lib_a-memset.o)
 .bss           0x20000450        0x0 c:/ti/ccs920/ccs/tools/compiler/gcc-arm-none-eabi-7-2017-q4-major-win32/bin/../lib/gcc/arm-none-eabi/7.2.1/../../../../arm-none-eabi/lib/thumb/v7e-m/fpv4-sp/hard\libc.a(lib_a-__call_atexit.o)
 .bss           0x20000450        0x0 c:/ti/ccs920/ccs/tools/compiler/gcc-arm-none-eabi-7-2017-q4-major-win32/bin/../lib/gcc/arm-none-eabi/7.2.1/../../../../arm-none-eabi/lib/thumb/v7e-m/fpv4-sp/hard\libc.a(lib_a-atexit.o)
 .bss           0x20000450        0x0 c:/ti/ccs920/ccs/tools/compiler/gcc-arm-none-eabi-7-2017-q4-major-win32/bin/../lib/gcc/arm-none-eabi/7.2.1/../../../../arm-none-eabi/lib/thumb/v7e-m/fpv4-sp/hard\libc.a(lib_a-fini.o)
 .bss           0x20000450        0x0 c:/ti/ccs920/ccs/tools/compiler/gcc-arm-none-eabi-7-2017-q4-major-win32/bin/../lib/gcc/arm-none-eabi/7.2.1/../../../../arm-none-eabi/lib/thumb/v7e-m/fpv4-sp/hard\libc.a(lib_a-lock.o)
 .bss           0x20000450        0x0 c:/ti/ccs920/ccs/tools/compiler/gcc-arm-none-eabi-7-2017-q4-major-win32/bin/../lib/gcc/arm-none-eabi/7.2.1/../../../../arm-none-eabi/lib/thumb/v7e-m/fpv4-sp/hard\libc.a(lib_a-__atexit.o)
 .bss           0x20000450        0x0 c:/ti/ccs920/ccs/tools/compiler/gcc-arm-none-eabi-7-2017-q4-major-win32/bin/../lib/gcc/arm-none-eabi/7.2.1/../../../../arm-none-eabi/lib/thumb/v7e-m/fpv4-sp/hard\libnosys.a(_exit.o)
 .bss           0x20000450        0x0 c:/ti/ccs920/ccs/tools/compiler/gcc-arm-none-eabi-7-2017-q4-major-win32/bin/../lib/gcc/arm-none-eabi/7.2.1/thumb/v7e-m/fpv4-sp/hard/crtend.o
 .bss           0x20000450        0x0 c:/ti/ccs920/ccs/tools/compiler/gcc-arm-none-eabi-7-2017-q4-major-win32/bin/../lib/gcc/arm-none-eabi/7.2.1/thumb/v7e-m/fpv4-sp/hard/crtn.o
 *(.bss.*)
 .bss.pui32Stack
                0x20000450      0x200 ./tm4c123gh6pm_startup_ccs_gcc.o
 *(COMMON)
 COMMON         0x20000650       0x21 c:/ti/ccs920/ccs/tools/compiler/gcc-arm-none-eabi-7-2017-q4-major-win32/bin/../lib/gcc/arm-none-eabi/7.2.1/../../../../arm-none-eabi/lib/thumb/v7e-m/fpv4-sp/hard\libc.a(lib_a-lock.o)
                0x20000650                __lock___atexit_recursive_mutex
                0x20000654                __lock___arc4random_mutex
                0x20000658                __lock___env_recursive_mutex
                0x2000065c                __lock___sinit_recursive_mutex
                0x20000660                __lock___malloc_recursive_mutex
                0x20000664                __lock___at_quick_exit_mutex
                0x20000668                __lock___dd_hash_mutex
                0x2000066c                __lock___tz_mutex
                0x20000670                __lock___sfp_recursive_mutex
                0x20000674                . = ALIGN (0x4)
 *fill*         0x20000671        0x3 
                0x20000674                __bss_end__ = .

.heap           0x20000674        0x0
                0x20000674                __heap_start__ = .
                0x20000674                end = __heap_start__
                0x20000674                _end = end
                0x20000674                __end = end
 *(.heap)
                0x20000674                __heap_end__ = .
                0x20000674                __HeapLimit = __heap_end__

.stack          0x20000678        0x0
                0x20000678                _stack = .
                0x20000678                __stack = .
 *(.stack)
START GROUP
LOAD c:/ti/ccs920/ccs/tools/compiler/gcc-arm-none-eabi-7-2017-q4-major-win32/bin/../lib/gcc/arm-none-eabi/7.2.1/../../../../arm-none-eabi/lib/thumb/v7e-m/fpv4-sp/hard\libc.a
END GROUP
START GROUP
LOAD c:/ti/ccs920/ccs/tools/compiler/gcc-arm-none-eabi-7-2017-q4-major-win32/bin/../lib/gcc/arm-none-eabi/7.2.1/thumb/v7e-m/fpv4-sp/hard\libgcc.a
LOAD c:/ti/ccs920/ccs/tools/compiler/gcc-arm-none-eabi-7-2017-q4-major-win32/bin/../lib/gcc/arm-none-eabi/7.2.1/../../../../arm-none-eabi/lib/thumb/v7e-m/fpv4-sp/hard\libg.a
LOAD c:/ti/ccs920/ccs/tools/compiler/gcc-arm-none-eabi-7-2017-q4-major-win32/bin/../lib/gcc/arm-none-eabi/7.2.1/../../../../arm-none-eabi/lib/thumb/v7e-m/fpv4-sp/hard\libc.a
END GROUP
START GROUP
LOAD c:/ti/ccs920/ccs/tools/compiler/gcc-arm-none-eabi-7-2017-q4-major-win32/bin/../lib/gcc/arm-none-eabi/7.2.1/thumb/v7e-m/fpv4-sp/hard\libgcc.a
LOAD c:/ti/ccs920/ccs/tools/compiler/gcc-arm-none-eabi-7-2017-q4-major-win32/bin/../lib/gcc/arm-none-eabi/7.2.1/../../../../arm-none-eabi/lib/thumb/v7e-m/fpv4-sp/hard\libc.a
LOAD c:/ti/ccs920/ccs/tools/compiler/gcc-arm-none-eabi-7-2017-q4-major-win32/bin/../lib/gcc/arm-none-eabi/7.2.1/../../../../arm-none-eabi/lib/thumb/v7e-m/fpv4-sp/hard\libnosys.a
END GROUP
LOAD c:/ti/ccs920/ccs/tools/compiler/gcc-arm-none-eabi-7-2017-q4-major-win32/bin/../lib/gcc/arm-none-eabi/7.2.1/thumb/v7e-m/fpv4-sp/hard/crtend.o
LOAD c:/ti/ccs920/ccs/tools/compiler/gcc-arm-none-eabi-7-2017-q4-major-win32/bin/../lib/gcc/arm-none-eabi/7.2.1/thumb/v7e-m/fpv4-sp/hard/crtn.o
OUTPUT(TivaSDK.out elf32-littlearm)

.ARM.attributes
                0x00000000       0x30
 .ARM.attributes
                0x00000000       0x22 c:/ti/ccs920/ccs/tools/compiler/gcc-arm-none-eabi-7-2017-q4-major-win32/bin/../lib/gcc/arm-none-eabi/7.2.1/thumb/v7e-m/fpv4-sp/hard/crti.o
 .ARM.attributes
                0x00000022       0x34 c:/ti/ccs920/ccs/tools/compiler/gcc-arm-none-eabi-7-2017-q4-major-win32/bin/../lib/gcc/arm-none-eabi/7.2.1/thumb/v7e-m/fpv4-sp/hard/crtbegin.o
 .ARM.attributes
                0x00000056       0x20 c:/ti/ccs920/ccs/tools/compiler/gcc-arm-none-eabi-7-2017-q4-major-win32/bin/../lib/gcc/arm-none-eabi/7.2.1/../../../../arm-none-eabi/lib/thumb/v7e-m/fpv4-sp/hard/crt0.o
 .ARM.attributes
                0x00000076       0x39 ./main.o
 .ARM.attributes
                0x000000af       0x39 ./tm4c123gh6pm_startup_ccs_gcc.o
 .ARM.attributes
                0x000000e8       0x39 ./System/02-MCAL/01-SYSCTRL/SYSCTRL_program.o
 .ARM.attributes
                0x00000121       0x39 ./System/02-MCAL/02-GPIO/GPIO_program.o
 .ARM.attributes
                0x0000015a       0x34 c:/ti/ccs920/ccs/tools/compiler/gcc-arm-none-eabi-7-2017-q4-major-win32/bin/../lib/gcc/arm-none-eabi/7.2.1/../../../../arm-none-eabi/lib/thumb/v7e-m/fpv4-sp/hard\libc.a(lib_a-exit.o)
 .ARM.attributes
                0x0000018e       0x34 c:/ti/ccs920/ccs/tools/compiler/gcc-arm-none-eabi-7-2017-q4-major-win32/bin/../lib/gcc/arm-none-eabi/7.2.1/../../../../arm-none-eabi/lib/thumb/v7e-m/fpv4-sp/hard\libc.a(lib_a-impure.o)
 .ARM.attributes
                0x000001c2       0x34 c:/ti/ccs920/ccs/tools/compiler/gcc-arm-none-eabi-7-2017-q4-major-win32/bin/../lib/gcc/arm-none-eabi/7.2.1/../../../../arm-none-eabi/lib/thumb/v7e-m/fpv4-sp/hard\libc.a(lib_a-init.o)
 .ARM.attributes
                0x000001f6       0x34 c:/ti/ccs920/ccs/tools/compiler/gcc-arm-none-eabi-7-2017-q4-major-win32/bin/../lib/gcc/arm-none-eabi/7.2.1/../../../../arm-none-eabi/lib/thumb/v7e-m/fpv4-sp/hard\libc.a(lib_a-memset.o)
 .ARM.attributes
                0x0000022a       0x34 c:/ti/ccs920/ccs/tools/compiler/gcc-arm-none-eabi-7-2017-q4-major-win32/bin/../lib/gcc/arm-none-eabi/7.2.1/../../../../arm-none-eabi/lib/thumb/v7e-m/fpv4-sp/hard\libc.a(lib_a-__call_atexit.o)
 .ARM.attributes
                0x0000025e       0x34 c:/ti/ccs920/ccs/tools/compiler/gcc-arm-none-eabi-7-2017-q4-major-win32/bin/../lib/gcc/arm-none-eabi/7.2.1/../../../../arm-none-eabi/lib/thumb/v7e-m/fpv4-sp/hard\libc.a(lib_a-atexit.o)
 .ARM.attributes
                0x00000292       0x34 c:/ti/ccs920/ccs/tools/compiler/gcc-arm-none-eabi-7-2017-q4-major-win32/bin/../lib/gcc/arm-none-eabi/7.2.1/../../../../arm-none-eabi/lib/thumb/v7e-m/fpv4-sp/hard\libc.a(lib_a-fini.o)
 .ARM.attributes
                0x000002c6       0x34 c:/ti/ccs920/ccs/tools/compiler/gcc-arm-none-eabi-7-2017-q4-major-win32/bin/../lib/gcc/arm-none-eabi/7.2.1/../../../../arm-none-eabi/lib/thumb/v7e-m/fpv4-sp/hard\libc.a(lib_a-lock.o)
 .ARM.attributes
                0x000002fa       0x34 c:/ti/ccs920/ccs/tools/compiler/gcc-arm-none-eabi-7-2017-q4-major-win32/bin/../lib/gcc/arm-none-eabi/7.2.1/../../../../arm-none-eabi/lib/thumb/v7e-m/fpv4-sp/hard\libc.a(lib_a-__atexit.o)
 .ARM.attributes
                0x0000032e       0x34 c:/ti/ccs920/ccs/tools/compiler/gcc-arm-none-eabi-7-2017-q4-major-win32/bin/../lib/gcc/arm-none-eabi/7.2.1/../../../../arm-none-eabi/lib/thumb/v7e-m/fpv4-sp/hard\libnosys.a(_exit.o)
 .ARM.attributes
                0x00000362       0x34 c:/ti/ccs920/ccs/tools/compiler/gcc-arm-none-eabi-7-2017-q4-major-win32/bin/../lib/gcc/arm-none-eabi/7.2.1/thumb/v7e-m/fpv4-sp/hard/crtend.o
 .ARM.attributes
                0x00000396       0x22 c:/ti/ccs920/ccs/tools/compiler/gcc-arm-none-eabi-7-2017-q4-major-win32/bin/../lib/gcc/arm-none-eabi/7.2.1/thumb/v7e-m/fpv4-sp/hard/crtn.o

.comment        0x00000000       0x7e
 .comment       0x00000000       0x7e ./main.o
                                 0x7f (size before relaxing)
 .comment       0x0000007e       0x7f ./tm4c123gh6pm_startup_ccs_gcc.o
 .comment       0x0000007e       0x7f ./System/02-MCAL/01-SYSCTRL/SYSCTRL_program.o
 .comment       0x0000007e       0x7f ./System/02-MCAL/02-GPIO/GPIO_program.o

.debug_info     0x00000000      0x92a
 .debug_info    0x00000000       0x8b ./main.o
 .debug_info    0x0000008b      0x18d ./tm4c123gh6pm_startup_ccs_gcc.o
 .debug_info    0x00000218       0xcb ./System/02-MCAL/01-SYSCTRL/SYSCTRL_program.o
 .debug_info    0x000002e3      0x647 ./System/02-MCAL/02-GPIO/GPIO_program.o

.debug_abbrev   0x00000000      0x262
 .debug_abbrev  0x00000000       0x76 ./main.o
 .debug_abbrev  0x00000076       0xca ./tm4c123gh6pm_startup_ccs_gcc.o
 .debug_abbrev  0x00000140       0x67 ./System/02-MCAL/01-SYSCTRL/SYSCTRL_program.o
 .debug_abbrev  0x000001a7       0xbb ./System/02-MCAL/02-GPIO/GPIO_program.o

.debug_aranges  0x00000000      0x178
 .debug_aranges
                0x00000000       0x28 ./main.o
 .debug_aranges
                0x00000028       0x38 ./tm4c123gh6pm_startup_ccs_gcc.o
 .debug_aranges
                0x00000060       0x30 ./System/02-MCAL/01-SYSCTRL/SYSCTRL_program.o
 .debug_aranges
                0x00000090       0xe8 ./System/02-MCAL/02-GPIO/GPIO_program.o

.debug_ranges   0x00000000      0x138
 .debug_ranges  0x00000000       0x18 ./main.o
 .debug_ranges  0x00000018       0x28 ./tm4c123gh6pm_startup_ccs_gcc.o
 .debug_ranges  0x00000040       0x20 ./System/02-MCAL/01-SYSCTRL/SYSCTRL_program.o
 .debug_ranges  0x00000060       0xd8 ./System/02-MCAL/02-GPIO/GPIO_program.o

.debug_line     0x00000000      0x569
 .debug_line    0x00000000       0x69 ./main.o
 .debug_line    0x00000069      0x177 ./tm4c123gh6pm_startup_ccs_gcc.o
 .debug_line    0x000001e0       0xde ./System/02-MCAL/01-SYSCTRL/SYSCTRL_program.o
 .debug_line    0x000002be      0x2ab ./System/02-MCAL/02-GPIO/GPIO_program.o

.debug_str      0x00000000      0x63c
 .debug_str     0x00000000      0x149 ./main.o
                                0x15b (size before relaxing)
 .debug_str     0x00000149       0xf5 ./tm4c123gh6pm_startup_ccs_gcc.o
                                0x260 (size before relaxing)
 .debug_str     0x0000023e       0x98 ./System/02-MCAL/01-SYSCTRL/SYSCTRL_program.o
                                0x1d8 (size before relaxing)
 .debug_str     0x000002d6      0x366 ./System/02-MCAL/02-GPIO/GPIO_program.o
                                0x4b3 (size before relaxing)

.debug_frame    0x00000000      0x7a0
 .debug_frame   0x00000000       0x54 ./main.o
 .debug_frame   0x00000054       0x7c ./tm4c123gh6pm_startup_ccs_gcc.o
 .debug_frame   0x000000d0       0x80 ./System/02-MCAL/01-SYSCTRL/SYSCTRL_program.o
 .debug_frame   0x00000150      0x410 ./System/02-MCAL/02-GPIO/GPIO_program.o
 .debug_frame   0x00000560       0x28 c:/ti/ccs920/ccs/tools/compiler/gcc-arm-none-eabi-7-2017-q4-major-win32/bin/../lib/gcc/arm-none-eabi/7.2.1/../../../../arm-none-eabi/lib/thumb/v7e-m/fpv4-sp/hard\libc.a(lib_a-exit.o)
 .debug_frame   0x00000588       0x2c c:/ti/ccs920/ccs/tools/compiler/gcc-arm-none-eabi-7-2017-q4-major-win32/bin/../lib/gcc/arm-none-eabi/7.2.1/../../../../arm-none-eabi/lib/thumb/v7e-m/fpv4-sp/hard\libc.a(lib_a-init.o)
 .debug_frame   0x000005b4       0x38 c:/ti/ccs920/ccs/tools/compiler/gcc-arm-none-eabi-7-2017-q4-major-win32/bin/../lib/gcc/arm-none-eabi/7.2.1/../../../../arm-none-eabi/lib/thumb/v7e-m/fpv4-sp/hard\libc.a(lib_a-memset.o)
 .debug_frame   0x000005ec       0x5c c:/ti/ccs920/ccs/tools/compiler/gcc-arm-none-eabi-7-2017-q4-major-win32/bin/../lib/gcc/arm-none-eabi/7.2.1/../../../../arm-none-eabi/lib/thumb/v7e-m/fpv4-sp/hard\libc.a(lib_a-__call_atexit.o)
 .debug_frame   0x00000648       0x20 c:/ti/ccs920/ccs/tools/compiler/gcc-arm-none-eabi-7-2017-q4-major-win32/bin/../lib/gcc/arm-none-eabi/7.2.1/../../../../arm-none-eabi/lib/thumb/v7e-m/fpv4-sp/hard\libc.a(lib_a-atexit.o)
 .debug_frame   0x00000668       0x34 c:/ti/ccs920/ccs/tools/compiler/gcc-arm-none-eabi-7-2017-q4-major-win32/bin/../lib/gcc/arm-none-eabi/7.2.1/../../../../arm-none-eabi/lib/thumb/v7e-m/fpv4-sp/hard\libc.a(lib_a-fini.o)
 .debug_frame   0x0000069c       0xb0 c:/ti/ccs920/ccs/tools/compiler/gcc-arm-none-eabi-7-2017-q4-major-win32/bin/../lib/gcc/arm-none-eabi/7.2.1/../../../../arm-none-eabi/lib/thumb/v7e-m/fpv4-sp/hard\libc.a(lib_a-lock.o)
 .debug_frame   0x0000074c       0x34 c:/ti/ccs920/ccs/tools/compiler/gcc-arm-none-eabi-7-2017-q4-major-win32/bin/../lib/gcc/arm-none-eabi/7.2.1/../../../../arm-none-eabi/lib/thumb/v7e-m/fpv4-sp/hard\libc.a(lib_a-__atexit.o)
 .debug_frame   0x00000780       0x20 c:/ti/ccs920/ccs/tools/compiler/gcc-arm-none-eabi-7-2017-q4-major-win32/bin/../lib/gcc/arm-none-eabi/7.2.1/../../../../arm-none-eabi/lib/thumb/v7e-m/fpv4-sp/hard\libnosys.a(_exit.o)
